cs-ec021-cfaa2-server:29931:29931 [2] NCCL INFO cudaDriverVersion 13000
cs-ec021-cfaa2-server:29931:29931 [2] NCCL INFO NCCL version 2.28.3+cuda13.0
cs-ec021-cfaa2-server:29931:29931 [2] NCCL INFO NET/Plugin: Could not find: libnccl-net.so
cs-ec021-cfaa2-server:29931:29931 [2] NCCL INFO NET/IB : Using [0]mlx5_100:1/IB [1]mlx5_101:1/IB [2]mlx5_102:1/IB [3]mlx5_103:1/IB [4]mlx5_104:1/IB [5]mlx5_105:1/IB [6]mlx5_106:1/IB [7]mlx5_107:1/IB [8]mlx5_200:1/IB [9]mlx5_bond_0:1/RoCE [RO]; OOB eth0:10.233.123.102<0>
cs-ec021-cfaa2-server:29931:29931 [2] NCCL INFO Initialized NET plugin IB
cs-ec021-cfaa2-server:29931:29931 [2] NCCL INFO Assigned NET plugin IB to comm
cs-ec021-cfaa2-server:29931:29931 [2] NCCL INFO Using network IB
cs-ec021-cfaa2-server:29931:29931 [2] NCCL INFO DMA-BUF is available on GPU device 2
cs-ec021-cfaa2-server:29931:29931 [2] NCCL INFO ncclCommInitRank comm 0x55e8eb2d5c50 rank 2 nranks 4 cudaDev 2 nvmlDev 2 busId c6000 commId 0xfcb005fae655ac0e - Init START
cs-ec021-cfaa2-server:29931:29931 [2] NCCL INFO RAS client listening socket at ::1<28028>
cs-ec021-cfaa2-server:29931:29931 [2] NCCL INFO ncclTopoGetCpuAffinity: Affinity for GPU 2 is 32-63,96-127. (GPU affinity = 32-63,96-127 ; CPU affinity = 0-127).
cs-ec021-cfaa2-server:29931:29931 [2] NCCL INFO NVLS multicast support is not available on dev 2 (NVLS_NCHANNELS 0)
cs-ec021-cfaa2-server:29931:29931 [2] NCCL INFO comm 0x55e8eb2d5c50 rank 2 nRanks 4 nNodes 1 localRanks 4 localRank 2 MNNVL 0
cs-ec021-cfaa2-server:29931:29931 [2] NCCL INFO Trees [0] 3/-1/-1->2->1 [1] 3/-1/-1->2->1 [2] 3/-1/-1->2->1 [3] 3/-1/-1->2->1 [4] 3/-1/-1->2->1 [5] 3/-1/-1->2->1 [6] 3/-1/-1->2->1 [7] 3/-1/-1->2->1 [8] 3/-1/-1->2->1 [9] 3/-1/-1->2->1 [10] 3/-1/-1->2->1 [11] 3/-1/-1->2->1 [12] 3/-1/-1->2->1 [13] 3/-1/-1->2->1 [14] 3/-1/-1->2->1 [15] 3/-1/-1->2->1
cs-ec021-cfaa2-server:29931:29931 [2] NCCL INFO P2P Chunksize set to 524288
cs-ec021-cfaa2-server:29931:29931 [2] NCCL INFO PROFILER/Plugin: Could not find: libnccl-profiler.so
cs-ec021-cfaa2-server:29931:29996 [0] NCCL INFO [Proxy Service] Device 2 CPU core 115
cs-ec021-cfaa2-server:29931:30000 [0] NCCL INFO [Proxy Service UDS] Device 2 CPU core 120
cs-ec021-cfaa2-server:29931:29931 [2] NCCL INFO TUNER/Plugin: Could not find: libnccl-tuner.so. Using internal tuner plugin.
cs-ec021-cfaa2-server:29931:29931 [2] NCCL INFO threadThresholds 8/8/64 | 32/8/64 | 512 | 512
cs-ec021-cfaa2-server:29931:29931 [2] NCCL INFO 16 coll channels, 16 collnet channels, 0 nvls channels, 16 p2p channels, 16 p2p channels per peer
cs-ec021-cfaa2-server:29931:29931 [2] NCCL INFO ncclCommInitRank comm 0x55e8eb2d5c50 rank 2 nranks 4 cudaDev 2 nvmlDev 2 busId c6000 commId 0xfcb005fae655ac0e - Init COMPLETE
cs-ec021-cfaa2-server:29931:29931 [2] NCCL INFO Init timings - ncclCommInitRank: rank 2 nranks 4 total 0.33 (kernels 0.13, alloc 0.14, bootstrap 0.02, allgathers 0.00, topo 0.03, graphs 0.00, connections 0.02, rest 0.00)
cs-ec021-cfaa2-server:29931:29931 [2] NCCL INFO Channel 00/0 : 2[2] -> 3[3] via P2P/CUMEM/read
cs-ec021-cfaa2-server:29931:29931 [2] NCCL INFO Channel 01/0 : 2[2] -> 3[3] via P2P/CUMEM/read
cs-ec021-cfaa2-server:29931:29931 [2] NCCL INFO Channel 02/0 : 2[2] -> 3[3] via P2P/CUMEM/read
cs-ec021-cfaa2-server:29931:29931 [2] NCCL INFO Channel 03/0 : 2[2] -> 3[3] via P2P/CUMEM/read
cs-ec021-cfaa2-server:29931:29931 [2] NCCL INFO Channel 04/0 : 2[2] -> 3[3] via P2P/CUMEM/read
cs-ec021-cfaa2-server:29931:29931 [2] NCCL INFO Channel 05/0 : 2[2] -> 3[3] via P2P/CUMEM/read
cs-ec021-cfaa2-server:29931:29931 [2] NCCL INFO Channel 06/0 : 2[2] -> 3[3] via P2P/CUMEM/read
cs-ec021-cfaa2-server:29931:29931 [2] NCCL INFO Channel 07/0 : 2[2] -> 3[3] via P2P/CUMEM/read
cs-ec021-cfaa2-server:29931:29931 [2] NCCL INFO Channel 08/0 : 2[2] -> 3[3] via P2P/CUMEM/read
cs-ec021-cfaa2-server:29931:29931 [2] NCCL INFO Channel 09/0 : 2[2] -> 3[3] via P2P/CUMEM/read
cs-ec021-cfaa2-server:29931:29931 [2] NCCL INFO Channel 10/0 : 2[2] -> 3[3] via P2P/CUMEM/read
cs-ec021-cfaa2-server:29931:29931 [2] NCCL INFO Channel 11/0 : 2[2] -> 3[3] via P2P/CUMEM/read
cs-ec021-cfaa2-server:29931:29931 [2] NCCL INFO Channel 12/0 : 2[2] -> 3[3] via P2P/CUMEM/read
cs-ec021-cfaa2-server:29931:29931 [2] NCCL INFO Channel 13/0 : 2[2] -> 3[3] via P2P/CUMEM/read
cs-ec021-cfaa2-server:29931:29931 [2] NCCL INFO Channel 14/0 : 2[2] -> 3[3] via P2P/CUMEM/read
cs-ec021-cfaa2-server:29931:29931 [2] NCCL INFO Channel 15/0 : 2[2] -> 3[3] via P2P/CUMEM/read
cs-ec021-cfaa2-server:29931:29931 [2] NCCL INFO Connected all rings, use ring PXN 0 GDR 1
cs-ec021-cfaa2-server:29931:29931 [2] NCCL INFO comm 0x55e8eb2d5c50 rank 2 nranks 4 cudaDev 2 busId c6000 - Destroy COMPLETE
