cs-ec021-cfaa2-server:41743:41743 [3] NCCL INFO cudaDriverVersion 13000
cs-ec021-cfaa2-server:41743:41743 [3] NCCL INFO NCCL version 2.28.3+cuda13.0
cs-ec021-cfaa2-server:41743:41743 [3] NCCL INFO NET/Plugin: Could not find: libnccl-net.so
cs-ec021-cfaa2-server:41743:41743 [3] NCCL INFO NET/IB : Using [0]mlx5_100:1/IB [1]mlx5_101:1/IB [2]mlx5_102:1/IB [3]mlx5_103:1/IB [4]mlx5_104:1/IB [5]mlx5_105:1/IB [6]mlx5_106:1/IB [7]mlx5_107:1/IB [8]mlx5_200:1/IB [9]mlx5_bond_0:1/RoCE [RO]; OOB eth0:10.233.123.102<0>
cs-ec021-cfaa2-server:41743:41743 [3] NCCL INFO Initialized NET plugin IB
cs-ec021-cfaa2-server:41743:41743 [3] NCCL INFO Assigned NET plugin IB to comm
cs-ec021-cfaa2-server:41743:41743 [3] NCCL INFO Using network IB
cs-ec021-cfaa2-server:41743:41743 [3] NCCL INFO DMA-BUF is available on GPU device 3
cs-ec021-cfaa2-server:41743:41743 [3] NCCL INFO ncclCommInitRank comm 0x55cf1fe024c0 rank 3 nranks 4 cudaDev 3 nvmlDev 3 busId ca000 commId 0x554b9046d16fa3e6 - Init START
cs-ec021-cfaa2-server:41743:41743 [3] NCCL INFO RAS client listening socket at ::1<28028>
cs-ec021-cfaa2-server:41743:41743 [3] NCCL INFO ncclTopoGetCpuAffinity: Affinity for GPU 3 is 32-63,96-127. (GPU affinity = 32-63,96-127 ; CPU affinity = 0-127).
cs-ec021-cfaa2-server:41743:41743 [3] NCCL INFO NVLS multicast support is not available on dev 3 (NVLS_NCHANNELS 0)
cs-ec021-cfaa2-server:41743:41743 [3] NCCL INFO comm 0x55cf1fe024c0 rank 3 nRanks 4 nNodes 1 localRanks 4 localRank 3 MNNVL 0
cs-ec021-cfaa2-server:41743:41743 [3] NCCL INFO Trees [0] -1/-1/-1->3->2 [1] -1/-1/-1->3->2 [2] -1/-1/-1->3->2 [3] -1/-1/-1->3->2 [4] -1/-1/-1->3->2 [5] -1/-1/-1->3->2 [6] -1/-1/-1->3->2 [7] -1/-1/-1->3->2 [8] -1/-1/-1->3->2 [9] -1/-1/-1->3->2 [10] -1/-1/-1->3->2 [11] -1/-1/-1->3->2 [12] -1/-1/-1->3->2 [13] -1/-1/-1->3->2 [14] -1/-1/-1->3->2 [15] -1/-1/-1->3->2
cs-ec021-cfaa2-server:41743:41743 [3] NCCL INFO P2P Chunksize set to 524288
cs-ec021-cfaa2-server:41743:41743 [3] NCCL INFO PROFILER/Plugin: Could not find: libnccl-profiler.so
cs-ec021-cfaa2-server:41743:41806 [0] NCCL INFO [Proxy Service] Device 3 CPU core 51
cs-ec021-cfaa2-server:41743:41810 [0] NCCL INFO [Proxy Service UDS] Device 3 CPU core 110
cs-ec021-cfaa2-server:41743:41743 [3] NCCL INFO TUNER/Plugin: Could not find: libnccl-tuner.so. Using internal tuner plugin.
cs-ec021-cfaa2-server:41743:41743 [3] NCCL INFO threadThresholds 8/8/64 | 32/8/64 | 512 | 512
cs-ec021-cfaa2-server:41743:41743 [3] NCCL INFO 16 coll channels, 16 collnet channels, 0 nvls channels, 16 p2p channels, 16 p2p channels per peer
cs-ec021-cfaa2-server:41743:41743 [3] NCCL INFO ncclCommInitRank comm 0x55cf1fe024c0 rank 3 nranks 4 cudaDev 3 nvmlDev 3 busId ca000 commId 0x554b9046d16fa3e6 - Init COMPLETE
cs-ec021-cfaa2-server:41743:41743 [3] NCCL INFO Init timings - ncclCommInitRank: rank 3 nranks 4 total 0.31 (kernels 0.13, alloc 0.11, bootstrap 0.02, allgathers 0.00, topo 0.03, graphs 0.00, connections 0.01, rest 0.00)
cs-ec021-cfaa2-server:41743:41743 [3] NCCL INFO Channel 00/0 : 3[3] -> 0[0] via P2P/CUMEM/read
cs-ec021-cfaa2-server:41743:41743 [3] NCCL INFO Channel 01/0 : 3[3] -> 0[0] via P2P/CUMEM/read
cs-ec021-cfaa2-server:41743:41743 [3] NCCL INFO Channel 02/0 : 3[3] -> 0[0] via P2P/CUMEM/read
cs-ec021-cfaa2-server:41743:41743 [3] NCCL INFO Channel 03/0 : 3[3] -> 0[0] via P2P/CUMEM/read
cs-ec021-cfaa2-server:41743:41743 [3] NCCL INFO Channel 04/0 : 3[3] -> 0[0] via P2P/CUMEM/read
cs-ec021-cfaa2-server:41743:41743 [3] NCCL INFO Channel 05/0 : 3[3] -> 0[0] via P2P/CUMEM/read
cs-ec021-cfaa2-server:41743:41743 [3] NCCL INFO Channel 06/0 : 3[3] -> 0[0] via P2P/CUMEM/read
cs-ec021-cfaa2-server:41743:41743 [3] NCCL INFO Channel 07/0 : 3[3] -> 0[0] via P2P/CUMEM/read
cs-ec021-cfaa2-server:41743:41743 [3] NCCL INFO Channel 08/0 : 3[3] -> 0[0] via P2P/CUMEM/read
cs-ec021-cfaa2-server:41743:41743 [3] NCCL INFO Channel 09/0 : 3[3] -> 0[0] via P2P/CUMEM/read
cs-ec021-cfaa2-server:41743:41743 [3] NCCL INFO Channel 10/0 : 3[3] -> 0[0] via P2P/CUMEM/read
cs-ec021-cfaa2-server:41743:41743 [3] NCCL INFO Channel 11/0 : 3[3] -> 0[0] via P2P/CUMEM/read
cs-ec021-cfaa2-server:41743:41743 [3] NCCL INFO Channel 12/0 : 3[3] -> 0[0] via P2P/CUMEM/read
cs-ec021-cfaa2-server:41743:41743 [3] NCCL INFO Channel 13/0 : 3[3] -> 0[0] via P2P/CUMEM/read
cs-ec021-cfaa2-server:41743:41743 [3] NCCL INFO Channel 14/0 : 3[3] -> 0[0] via P2P/CUMEM/read
cs-ec021-cfaa2-server:41743:41743 [3] NCCL INFO Channel 15/0 : 3[3] -> 0[0] via P2P/CUMEM/read
cs-ec021-cfaa2-server:41743:41743 [3] NCCL INFO Connected all rings, use ring PXN 0 GDR 1
cs-ec021-cfaa2-server:41743:41743 [3] NCCL INFO comm 0x55cf1fe024c0 rank 3 nranks 4 cudaDev 3 busId ca000 - Destroy COMPLETE
